url: 'https://api.telegram.org/bot3f3814e1-5836-3d77-904e-60f64b15df36/answerInlineQuery'
payload:
    inline_query_id: '99'
    results: [{ gif_url: 'https://gif.dev', thumb_url: 'https://gif-thumb.dev', id: '42', type: gif }, { photo_url: 'https://photo.dev', thumb_url: 'https://photo-thumb.dev', id: '42', type: photo }, { phone_number: '399999999', first_name: testFirstName, id: '42', type: contact }, { title: testTitle, input_message_content: { message_text: testMessage, parse_mode: html }, id: '42', type: article }, { mpeg4_url: testMpeg4Url, thumb_url: testThumbUrl, id: '42', type: mpeg4_gif }, { video_url: testVideoUrl, mime_type: testMimeType, thumb_url: testThumbUrl, title: testTitle, id: '42', type: video }, { audio_url: testAudioUrl, title: testTitle, id: '42', type: audio }, { voice_url: testVoiceUrl, title: testTitle, id: '42', type: voice }, { title: testDocumentTitle, document_url: testDocumentUrl, mime_type: testDocumentMimeType, id: '42', type: document }, { title: testLocationTitle, latitude: 10.5, longitude: 10.5, id: '42', type: location }]
    is_personal: true
files: {  }
