url: 'https://api.telegram.org/bot3f3814e1-5836-3d77-904e-60f64b15df36/sendLocation'
payload:
    latitude: 12.345
    longitude: -54.321
    chat_id: '-123456789'
    horizontal_accuracy: 10.5
    live_period: 20
    heading: 10
    proximity_alert_radius: 2
files: {  }
