url: 'https://api.telegram.org/bot3f3814e1-5836-3d77-904e-60f64b15df36/sendDocument'
payload:
    chat_id: '-123456789'
    caption: caption
    disable_content_type_detection: 1
files:
    document: { contents: "Hello!\n", filename: test.txt }
